INFO:TestMCP:Initializing AgentBrain...
INFO:TestMCP:Starting MCP Clients...
INFO:MCPClient-C:\Users\felip\OneDrive\Documents\Projects\CurupiraBOT\curupira\venv\Scripts\python.exe:Connecting to MCP Server: C:\Users\felip\OneDrive\Documents\Projects\CurupiraBOT\curupira\venv\Scripts\python.exe ['tests/dummy_mcp_server.py']
INFO:MCPClient-C:\Users\felip\OneDrive\Documents\Projects\CurupiraBOT\curupira\venv\Scripts\python.exe:MCP Server Initialized: {'protocolVersion': '2024-11-05', 'capabilities': {}, 'serverInfo': {'name': 'DummyServer', 'version': '1.0'}}
INFO:AgentBrain:Registered skill: dummy_echo
INFO:AgentBrain:Registered skill: dummy_add
INFO:AgentBrain:Connected to MCP Server 'dummy' and registered 2 tools.
INFO:TestMCP:Registered skills: ['dummy_echo', 'dummy_add']
INFO:TestMCP:SUCCESS: Dummy tools found!
INFO:TestMCP:Testing dummy_add execution...
INFO:TestMCP:Result of dummy_add(10, 5): {'content': [{'type': 'text', 'text': '15'}]}
INFO:TestMCP:SUCCESS: dummy_add returned correct result!
INFO:TestMCP:Shutting down...
INFO:MCPClient-C:\Users\felip\OneDrive\Documents\Projects\CurupiraBOT\curupira\venv\Scripts\python.exe:MCP Client connection closed.
INFO:MCPClient-C:\Users\felip\OneDrive\Documents\Projects\CurupiraBOT\curupira\venv\Scripts\python.exe:MCP Server process terminated.
